../Middlewares/Third_Party/Fusion/FusionMath.h:136:21:FusionRadiansToDegrees	1
../Middlewares/Third_Party/Fusion/FusionMath.h:149:21:FusionArcSin	3
../Middlewares/Third_Party/Fusion/FusionMath.h:218:28:FusionVectorSubtract	1
../Middlewares/Third_Party/Fusion/FusionMath.h:235:28:FusionVectorScale	1
../Middlewares/Third_Party/Fusion/FusionMath.h:261:28:FusionVectorHadamard	1
../Middlewares/Third_Party/Fusion/FusionMath.h:481:28:FusionMatrixMultiply	1
../Middlewares/Third_Party/Fusion/FusionMath.h:540:27:FusionQuaternionToEuler	1
../Middlewares/Third_Party/Fusion/FusionModel.h:26:28:FusionModelInertial	1
../Middlewares/Third_Party/Fusion/FusionModel.h:37:28:FusionModelMagnetic	1
../Core/Src/main.c:306:17:flight_log_serialize	15
../Core/Src/main.c:346:13:flight_log_deserialize	17
../Core/Src/main.c:390:6:log_to_flash	5
../Core/Src/main.c:418:9:transfer_logs_to_sd	15
../Core/Src/main.c:518:6:sys_init	6
../Core/Src/main.c:629:6:sys_check	7
../Core/Src/main.c:749:5:main	1
../Core/Src/main.c:818:6:SystemClock_Config	4
../Core/Src/main.c:867:6:HAL_UART_RxCpltCallback	2
../Core/Src/main.c:875:6:HAL_UART_ErrorCallback	2
../Core/Src/main.c:883:6:icm_dma_complete_cb	1
../Core/Src/main.c:888:6:pmw_dma_complete_cb	1
../Core/Src/main.c:893:6:bmm_dma_complete_cb	1
../Core/Src/main.c:898:6:bmp_dma_complete_cb	1
../Core/Src/main.c:903:6:ina_dma_complete_cb	1
../Core/Src/main.c:908:6:flash_dma_complete_cb	1
../Core/Src/main.c:914:6:HAL_UART_TxCpltCallback	2
../Core/Src/main.c:921:6:HAL_SPI_RxCpltCallback	5
../Core/Src/main.c:932:6:HAL_SPI_TxCpltCallback	2
../Core/Src/main.c:940:6:HAL_I2C_MasterRxCpltCallback	4
../Core/Src/main.c:948:6:HAL_I2C_MasterTxCpltCallback	3
../Core/Src/main.c:955:6:HAL_I2C_MemRxCpltCallback	2
../Core/Src/main.c:966:6:MPU_Config	1
../Core/Src/main.c:1001:6:HAL_TIM_PeriodElapsedCallback	6
../Core/Src/main.c:1028:6:Error_Handler	1
